Compiling 9 files (.ex)
The database for FatEcto.Repo has already been created

15:31:51.964 [info]  Already up
Excluding tags: [:failing]

...............................................................................................................................................................................................

Finished in 1.1 seconds
25 doctests, 166 tests, 0 failures

Randomized with seed 11191
